// Jest Snapshot v1, https://goo.gl/fbAQLP

exports[`Pruebas en <GifGrid /> Debe de mostrar el componente correctamente  1`] = `
<Fragment>
  <h3
    className="animate__animated animate__tada"
  >
    Dragon Ball
  </h3>
  <p
    className="animate__animated animate__flash"
  >
    Cargando...
  </p>
  <div
    className="card-grid"
  />
</Fragment>
`;
